// Jest Snapshot v1, https://goo.gl/fbAQLP

exports[`PaymentSubmitButton matches snapshot with rendered output 1`] = `
<button
  class="button button--primary button--large button--slab optimizedCheckout-buttonPrimary"
  id="checkout-payment-continue"
  type="submit"
>
  Place Order
</button>
`;
